// Jest Snapshot v1, https://goo.gl/fbAQLP

exports[`Home should render correctly 1`] = `
<div>
  <div>
    <nav
      class="header"
    >
      <h1
        class="title"
      >
        üìê Math Magiciansüìè
      </h1>
      <ul
        class="menu"
      >
        <li
          class="menu-item"
        >
          <a
            href="/Math-Magicians"
          >
            Home
          </a>
        </li>
        <li
          class="menu-item"
        >
          <a
            href="/Math-Magicians/calculator"
          >
            Calculator
          </a>
        </li>
        <li
          class="menu-item"
        >
          <a
            href="/Math-Magicians/quote"
          >
            Quote
          </a>
        </li>
      </ul>
    </nav>
    <section
      class="home-container"
    >
      <h1
        class="home-title"
      >
        Welcome to our page!
      </h1>
      <p
        class="lorem-text"
      >
        Eu est tempor aliquip elit cupidatat aliqua voluptate. Nulla occaecat incididunt ipsum commodo qui aliqua fugiat duis occaecat ea non dolor nostrud. Duis cupidatat pariatur reprehenderit consectetur exercitation mollit aliqua labore pariatur duis. Reprehenderit magna laborum qui Lorem. Nisi magna voluptate tempor commodo in deserunt excepteur dolore sint tempor. Ipsum duis irure irure reprehenderit dolor sit. Consequat aute aliquip proident aute adipisicing est. Fugiat tempor ut consectetur est. Est aute incididunt occaecat ex incididunt. Esse eiusmod culpa ea amet.
      </p>
      <p
        class="lorem-text"
      >
        Eu est tempor aliquip elit cupidatat aliqua voluptate. Nulla occaecat incididunt ipsum commodo qui aliqua fugiat duis occaecat ea non dolor nostrud. Duis cupidatat pariatur reprehenderit consectetur exercitation mollit aliqua labore pariatur duis. Reprehenderit magna laborum qui Lorem. Nisi magna voluptate tempor commodo in deserunt excepteur dolore sint tempor. Ipsum duis irure irure reprehenderit dolor sit. Consequat aute aliquip proident aute adipisicing est. Fugiat tempor ut consectetur est. Est aute incididunt occaecat ex incididunt. Esse eiusmod culpa ea amet.
      </p>
    </section>
  </div>
</div>
`;
